
> fusizok@0.1.0 test
> vitest run


 RUN  v4.1.8 C:/projektek/szakiazonnal


 Test Files  6 passed (6)
      Tests  23 passed (23)
   Start at  10:50:20
   Duration  4.12s (transform 887ms, setup 1.93s, import 1.86s, tests 238ms, environment 15.40s)

